starting a
yielding a
starting b
yielding b
ending a with 40
ending b with 2
Sum is 42
