Parent joining with Child 1
Child 1 failed!
Child 2 failed!
Child 1 failed!
Child 2 failed!
Child 2 failed!
Child 1 succeeded!
Child 1 joining with Child 2
Child 2 succeeded!
Child 2 succeeded!
Child 2 succeeded!
Child 1 joined with Child 2
Parent joined with Child 1
